Last login: Wed Feb 17 12:35:48 on ttys001
jerealthomas@Jereals-MBP ~ % mkdir git-workshop
jerealthomas@Jereals-MBP ~ % cd git-workshop
jerealthomas@Jereals-MBP git-workshop % git init
Initialized empty Git repository in /Users/jerealthomas/git-workshop/.git/
jerealthomas@Jereals-MBP git-workshop % mkdir git-add-exercise
jerealthomas@Jereals-MBP git-workshop % cd git-add-exercise
jerealthomas@Jereals-MBP git-add-exercise % echo Content within file > add-exercise.txt
jerealthomas@Jereals-MBP git-add-exercise % echo File to be deleted eventually > delete-me.txt
jerealthomas@Jereals-MBP git-add-exercise % touch third-file.txt
jerealthomas@Jereals-MBP git-add-exercise % git status
On branch master

No commits yet

Untracked files:
  (use "git add <file>..." to include in what will be committed)
	./

nothing added to commit but untracked files present (use "git add" to track)
jerealthomas@Jereals-MBP git-add-exercise % Initial commit
zsh: command not found: Initial
jerealthomas@Jereals-MBP git-add-exercise % echo More text! >> add-exercise.txt
jerealthomas@Jereals-MBP git-add-exercise % rm delete-me.txt
jerealthomas@Jereals-MBP git-add-exercise % git status
On branch master

No commits yet

Untracked files:
  (use "git add <file>..." to include in what will be committed)
	./

nothing added to commit but untracked files present (use "git add" to track)
jerealthomas@Jereals-MBP git-add-exercise % git add -u
jerealthomas@Jereals-MBP git-add-exercise % git status
On branch master

No commits yet

Untracked files:
  (use "git add <file>..." to include in what will be committed)
	./

nothing added to commit but untracked files present (use "git add" to track)
jerealthomas@Jereals-MBP git-add-exercise % git reset
jerealthomas@Jereals-MBP git-add-exercise % git add
Nothing specified, nothing added.
Maybe you wanted to say 'git add .'?
jerealthomas@Jereals-MBP git-add-exercise % git status
On branch master

No commits yet

Untracked files:
  (use "git add <file>..." to include in what will be committed)
	./

nothing added to commit but untracked files present (use "git add" to track)
jerealthomas@Jereals-MBP git-add-exercise % git reset
jerealthomas@Jereals-MBP git-add-exercise % git add -A
jerealthomas@Jereals-MBP git-add-exercise % git status
On branch master

No commits yet

Changes to be committed:
  (use "git rm --cached <file>..." to unstage)
	new file:   add-exercise.txt
	new file:   third-file.txt

jerealthomas@Jereals-MBP git-add-exercise % git reset
jerealthomas@Jereals-MBP git-add-exercise % git add *
jerealthomas@Jereals-MBP git-add-exercise % git add -A
jerealthomas@Jereals-MBP git-add-exercise % git commit -m "Completed add exercise"
[master (root-commit) 375fde8] Completed add exercise
 Committer: Jereal Thomas <jerealthomas@Jereals-MBP.hsd1.mi.comcast.net>
Your name and email address were configured automatically based
on your username and hostname. Please check that they are accurate.
You can suppress this message by setting them explicitly. Run the
following command and follow the instructions in your editor to edit
your configuration file:

    git config --global --edit

After doing this, you may fix the identity used for this commit with:

    git commit --amend --reset-author

 2 files changed, 2 insertions(+)
 create mode 100644 git-add-exercise/add-exercise.txt
 create mode 100644 git-add-exercise/third-file.txt
jerealthomas@Jereals-MBP git-add-exercise % 
